D:\aps\aps\APS-CONTROLS\Views\AdvancedSettingsWindow.xaml.cs(10,13): error CS0103: The name 'InitializeComponent' does not exist in the current context [D:\aps\aps\APS-CONTROLS\QuanLyGiuXe_qomd15lj_wpftmp.csproj]
D:\aps\aps\APS-CONTROLS\Views\HistoryWindow.xaml.cs(12,13): error CS0103: The name 'InitializeComponent' does not exist in the current context [D:\aps\aps\APS-CONTROLS\QuanLyGiuXe_qomd15lj_wpftmp.csproj]
D:\aps\aps\APS-CONTROLS\Views\BangGiaEditDialog.xaml.cs(15,13): error CS0103: The name 'InitializeComponent' does not exist in the current context [D:\aps\aps\APS-CONTROLS\QuanLyGiuXe_qomd15lj_wpftmp.csproj]
D:\aps\aps\APS-CONTROLS\Views\BangGiaEditDialog.xaml.cs(25,13): error CS0103: The name 'tbLoaiXe' does not exist in the current context [D:\aps\aps\APS-CONTROLS\QuanLyGiuXe_qomd15lj_wpftmp.csproj]
D:\aps\aps\APS-CONTROLS\Views\BangGiaEditDialog.xaml.cs(26,13): error CS0103: The name 'tbGiaThang' does not exist in the current context [D:\aps\aps\APS-CONTROLS\QuanLyGiuXe_qomd15lj_wpftmp.csproj]
D:\aps\aps\APS-CONTROLS\Views\BangGiaEditDialog.xaml.cs(34,35): error CS0103: The name 'tbGiaThang' does not exist in the current context [D:\aps\aps\APS-CONTROLS\QuanLyGiuXe_qomd15lj_wpftmp.csproj]
D:\aps\aps\APS-CONTROLS\Views\C3200SettingsWindow.xaml.cs(16,13): error CS0103: The name 'InitializeComponent' does not exist in the current context [D:\aps\aps\APS-CONTROLS\QuanLyGiuXe_qomd15lj_wpftmp.csproj]
D:\aps\aps\APS-CONTROLS\Views\C3200SettingsWindow.xaml.cs(19,13): error CS0103: The name 'IpBox' does not exist in the current context [D:\aps\aps\APS-CONTROLS\QuanLyGiuXe_qomd15lj_wpftmp.csproj]
D:\aps\aps\APS-CONTROLS\Views\C3200SettingsWindow.xaml.cs(20,13): error CS0103: The name 'PortBox' does not exist in the current context [D:\aps\aps\APS-CONTROLS\QuanLyGiuXe_qomd15lj_wpftmp.csproj]
D:\aps\aps\APS-CONTROLS\Views\C3200SettingsWindow.xaml.cs(21,13): error CS0103: The name 'PwdBox' does not exist in the current context [D:\aps\aps\APS-CONTROLS\QuanLyGiuXe_qomd15lj_wpftmp.csproj]
D:\aps\aps\APS-CONTROLS\Views\C3200SettingsWindow.xaml.cs(22,13): error CS0103: The name 'TimeoutBox' does not exist in the current context [D:\aps\aps\APS-CONTROLS\QuanLyGiuXe_qomd15lj_wpftmp.csproj]
D:\aps\aps\APS-CONTROLS\Views\C3200SettingsWindow.xaml.cs(23,13): error CS0103: The name 'BarrierBox' does not exist in the current context [D:\aps\aps\APS-CONTROLS\QuanLyGiuXe_qomd15lj_wpftmp.csproj]
D:\aps\aps\APS-CONTROLS\Views\C3200SettingsWindow.xaml.cs(24,13): error CS0103: The name 'CooldownBox' does not exist in the current context [D:\aps\aps\APS-CONTROLS\QuanLyGiuXe_qomd15lj_wpftmp.csproj]
D:\aps\aps\APS-CONTROLS\Views\C3200SettingsWindow.xaml.cs(73,17): error CS0103: The name 'ForceAllInRadio' does not exist in the current context [D:\aps\aps\APS-CONTROLS\QuanLyGiuXe_qomd15lj_wpftmp.csproj]
D:\aps\aps\APS-CONTROLS\Views\C3200SettingsWindow.xaml.cs(77,17): error CS0103: The name 'ForceAllOutRadio' does not exist in the current context [D:\aps\aps\APS-CONTROLS\QuanLyGiuXe_qomd15lj_wpftmp.csproj]
D:\aps\aps\APS-CONTROLS\Views\C3200SettingsWindow.xaml.cs(81,17): error CS0103: The name 'AutomaticRadio' does not exist in the current context [D:\aps\aps\APS-CONTROLS\QuanLyGiuXe_qomd15lj_wpftmp.csproj]
D:\aps\aps\APS-CONTROLS\Views\C3200SettingsWindow.xaml.cs(103,13): error CS0103: The name 'IpBox' does not exist in the current context [D:\aps\aps\APS-CONTROLS\QuanLyGiuXe_qomd15lj_wpftmp.csproj]
D:\aps\aps\APS-CONTROLS\Views\C3200SettingsWindow.xaml.cs(104,13): error CS0103: The name 'PortBox' does not exist in the current context [D:\aps\aps\APS-CONTROLS\QuanLyGiuXe_qomd15lj_wpftmp.csproj]
D:\aps\aps\APS-CONTROLS\Views\C3200SettingsWindow.xaml.cs(105,13): error CS0103: The name 'PwdBox' does not exist in the current context [D:\aps\aps\APS-CONTROLS\QuanLyGiuXe_qomd15lj_wpftmp.csproj]
D:\aps\aps\APS-CONTROLS\Views\C3200SettingsWindow.xaml.cs(106,13): error CS0103: The name 'TimeoutBox' does not exist in the current context [D:\aps\aps\APS-CONTROLS\QuanLyGiuXe_qomd15lj_wpftmp.csproj]
D:\aps\aps\APS-CONTROLS\Views\C3200SettingsWindow.xaml.cs(107,13): error CS0103: The name 'BarrierBox' does not exist in the current context [D:\aps\aps\APS-CONTROLS\QuanLyGiuXe_qomd15lj_wpftmp.csproj]
D:\aps\aps\APS-CONTROLS\Views\C3200SettingsWindow.xaml.cs(108,13): error CS0103: The name 'CooldownBox' does not exist in the current context [D:\aps\aps\APS-CONTROLS\QuanLyGiuXe_qomd15lj_wpftmp.csproj]
D:\aps\aps\APS-CONTROLS\Views\C3200SettingsWindow.xaml.cs(124,13): error CS0103: The name 'AutomaticRadio' does not exist in the current context [D:\aps\aps\APS-CONTROLS\QuanLyGiuXe_qomd15lj_wpftmp.csproj]
D:\aps\aps\APS-CONTROLS\Views\C3200SettingsWindow.xaml.cs(132,28): error CS0103: The name 'ForceAllInRadio' does not exist in the current context [D:\aps\aps\APS-CONTROLS\QuanLyGiuXe_qomd15lj_wpftmp.csproj]
D:\aps\aps\APS-CONTROLS\Views\C3200SettingsWindow.xaml.cs(132,67): error CS0103: The name 'ForceAllOutRadio' does not exist in the current context [D:\aps\aps\APS-CONTROLS\QuanLyGiuXe_qomd15lj_wpftmp.csproj]
D:\aps\aps\APS-CONTROLS\Views\CameraSettingsWindow.xaml.cs(16,13): error CS0103: The name 'InitializeComponent' does not exist in the current context [D:\aps\aps\APS-CONTROLS\QuanLyGiuXe_qomd15lj_wpftmp.csproj]
D:\aps\aps\APS-CONTROLS\Views\CameraSettingsWindow.xaml.cs(19,24): error CS0103: The name 'cbVaoToanCanh' does not exist in the current context [D:\aps\aps\APS-CONTROLS\QuanLyGiuXe_qomd15lj_wpftmp.csproj]
D:\aps\aps\APS-CONTROLS\Views\CameraSettingsWindow.xaml.cs(19,39): error CS0103: The name 'cbVaoBienSo' does not exist in the current context [D:\aps\aps\APS-CONTROLS\QuanLyGiuXe_qomd15lj_wpftmp.csproj]
D:\aps\aps\APS-CONTROLS\Views\CameraSettingsWindow.xaml.cs(19,52): error CS0103: The name 'cbRaToanCanh' does not exist in the current context [D:\aps\aps\APS-CONTROLS\QuanLyGiuXe_qomd15lj_wpftmp.csproj]
D:\aps\aps\APS-CONTROLS\Views\CameraSettingsWindow.xaml.cs(19,66): error CS0103: The name 'cbRaBienSo' does not exist in the current context [D:\aps\aps\APS-CONTROLS\QuanLyGiuXe_qomd15lj_wpftmp.csproj]
D:\aps\aps\APS-CONTROLS\Views\ChangePasswordWindow.xaml.cs(15,13): error CS0103: The name 'InitializeComponent' does not exist in the current context [D:\aps\aps\APS-CONTROLS\QuanLyGiuXe_qomd15lj_wpftmp.csproj]
D:\aps\aps\APS-CONTROLS\Views\UserProfileWindow.xaml.cs(14,13): error CS0103: The name 'InitializeComponent' does not exist in the current context [D:\aps\aps\APS-CONTROLS\QuanLyGiuXe_qomd15lj_wpftmp.csproj]
D:\aps\aps\APS-CONTROLS\Views\ChangePasswordWindow.xaml.cs(29,34): error CS0103: The name 'OldPasswordBox' does not exist in the current context [D:\aps\aps\APS-CONTROLS\QuanLyGiuXe_qomd15lj_wpftmp.csproj]
D:\aps\aps\APS-CONTROLS\Views\ChangePasswordWindow.xaml.cs(37,34): error CS0103: The name 'NewPasswordBox' does not exist in the current context [D:\aps\aps\APS-CONTROLS\QuanLyGiuXe_qomd15lj_wpftmp.csproj]
D:\aps\aps\APS-CONTROLS\Views\CameraSettingsWindow.xaml.cs(35,13): error CS0103: The name 'txtCameraCount' does not exist in the current context [D:\aps\aps\APS-CONTROLS\QuanLyGiuXe_qomd15lj_wpftmp.csproj]
D:\aps\aps\APS-CONTROLS\Views\ChangePasswordWindow.xaml.cs(45,38): error CS0103: The name 'ConfirmPasswordBox' does not exist in the current context [D:\aps\aps\APS-CONTROLS\QuanLyGiuXe_qomd15lj_wpftmp.csproj]
D:\aps\aps\APS-CONTROLS\Views\CameraSettingsWindow.xaml.cs(56,47): error CS0103: The name 'cbVaoToanCanh' does not exist in the current context [D:\aps\aps\APS-CONTROLS\QuanLyGiuXe_qomd15lj_wpftmp.csproj]
D:\aps\aps\APS-CONTROLS\Views\CameraSettingsWindow.xaml.cs(57,45): error CS0103: The name 'cbVaoBienSo' does not exist in the current context [D:\aps\aps\APS-CONTROLS\QuanLyGiuXe_qomd15lj_wpftmp.csproj]
D:\aps\aps\APS-CONTROLS\Views\CameraSettingsWindow.xaml.cs(58,46): error CS0103: The name 'cbRaToanCanh' does not exist in the current context [D:\aps\aps\APS-CONTROLS\QuanLyGiuXe_qomd15lj_wpftmp.csproj]
D:\aps\aps\APS-CONTROLS\Views\CameraSettingsWindow.xaml.cs(59,44): error CS0103: The name 'cbRaBienSo' does not exist in the current context [D:\aps\aps\APS-CONTROLS\QuanLyGiuXe_qomd15lj_wpftmp.csproj]
D:\aps\aps\APS-CONTROLS\Views\C3200SettingsWindow.xaml.cs(189,47): error CS0103: The name 'GateInCombo' does not exist in the current context [D:\aps\aps\APS-CONTROLS\QuanLyGiuXe_qomd15lj_wpftmp.csproj]
D:\aps\aps\APS-CONTROLS\Views\C3200SettingsWindow.xaml.cs(193,25): error CS0103: The name 'GateInCombo' does not exist in the current context [D:\aps\aps\APS-CONTROLS\QuanLyGiuXe_qomd15lj_wpftmp.csproj]
D:\aps\aps\APS-CONTROLS\Views\C3200SettingsWindow.xaml.cs(203,47): error CS0103: The name 'GateOutCombo' does not exist in the current context [D:\aps\aps\APS-CONTROLS\QuanLyGiuXe_qomd15lj_wpftmp.csproj]
D:\aps\aps\APS-CONTROLS\Views\C3200SettingsWindow.xaml.cs(207,25): error CS0103: The name 'GateOutCombo' does not exist in the current context [D:\aps\aps\APS-CONTROLS\QuanLyGiuXe_qomd15lj_wpftmp.csproj]
D:\aps\aps\APS-CONTROLS\Views\DashboardView.xaml.cs(10,13): error CS0103: The name 'InitializeComponent' does not exist in the current context [D:\aps\aps\APS-CONTROLS\QuanLyGiuXe_qomd15lj_wpftmp.csproj]
D:\aps\aps\APS-CONTROLS\Views\DatabaseExplorerView.xaml.cs(11,13): error CS0103: The name 'InitializeComponent' does not exist in the current context [D:\aps\aps\APS-CONTROLS\QuanLyGiuXe_qomd15lj_wpftmp.csproj]
D:\aps\aps\APS-CONTROLS\Views\ConnectDatabaseWindow.xaml.cs(13,13): error CS0103: The name 'InitializeComponent' does not exist in the current context [D:\aps\aps\APS-CONTROLS\QuanLyGiuXe_qomd15lj_wpftmp.csproj]
D:\aps\aps\APS-CONTROLS\Views\ConnectDatabaseWindow.xaml.cs(18,13): error CS0103: The name 'txtPassword' does not exist in the current context [D:\aps\aps\APS-CONTROLS\QuanLyGiuXe_qomd15lj_wpftmp.csproj]
D:\aps\aps\APS-CONTROLS\Views\C3200SettingsWindow.xaml.cs(218,49): error CS0103: The name 'IpBox' does not exist in the current context [D:\aps\aps\APS-CONTROLS\QuanLyGiuXe_qomd15lj_wpftmp.csproj]
D:\aps\aps\APS-CONTROLS\Views\C3200SettingsWindow.xaml.cs(219,34): error CS0103: The name 'PortBox' does not exist in the current context [D:\aps\aps\APS-CONTROLS\QuanLyGiuXe_qomd15lj_wpftmp.csproj]
D:\aps\aps\APS-CONTROLS\Views\C3200SettingsWindow.xaml.cs(220,21): error CS0103: The name 'PwdBox' does not exist in the current context [D:\aps\aps\APS-CONTROLS\QuanLyGiuXe_qomd15lj_wpftmp.csproj]
D:\aps\aps\APS-CONTROLS\Views\C3200SettingsWindow.xaml.cs(221,34): error CS0103: The name 'TimeoutBox' does not exist in the current context [D:\aps\aps\APS-CONTROLS\QuanLyGiuXe_qomd15lj_wpftmp.csproj]
D:\aps\aps\APS-CONTROLS\Views\C3200SettingsWindow.xaml.cs(222,34): error CS0103: The name 'BarrierBox' does not exist in the current context [D:\aps\aps\APS-CONTROLS\QuanLyGiuXe_qomd15lj_wpftmp.csproj]
D:\aps\aps\APS-CONTROLS\Views\GenericAddEditWindow.xaml.cs(26,13): error CS0103: The name 'InitializeComponent' does not exist in the current context [D:\aps\aps\APS-CONTROLS\QuanLyGiuXe_qomd15lj_wpftmp.csproj]
D:\aps\aps\APS-CONTROLS\Views\C3200SettingsWindow.xaml.cs(237,29): error CS0103: The name 'IpBox' does not exist in the current context [D:\aps\aps\APS-CONTROLS\QuanLyGiuXe_qomd15lj_wpftmp.csproj]
D:\aps\aps\APS-CONTROLS\Views\C3200SettingsWindow.xaml.cs(238,41): error CS0103: The name 'PortBox' does not exist in the current context [D:\aps\aps\APS-CONTROLS\QuanLyGiuXe_qomd15lj_wpftmp.csproj]
D:\aps\aps\APS-CONTROLS\Views\C3200SettingsWindow.xaml.cs(239,30): error CS0103: The name 'PwdBox' does not exist in the current context [D:\aps\aps\APS-CONTROLS\QuanLyGiuXe_qomd15lj_wpftmp.csproj]
D:\aps\aps\APS-CONTROLS\Views\C3200SettingsWindow.xaml.cs(240,44): error CS0103: The name 'TimeoutBox' does not exist in the current context [D:\aps\aps\APS-CONTROLS\QuanLyGiuXe_qomd15lj_wpftmp.csproj]
D:\aps\aps\APS-CONTROLS\Views\KhungGioView.xaml.cs(10,13): error CS0103: The name 'InitializeComponent' does not exist in the current context [D:\aps\aps\APS-CONTROLS\QuanLyGiuXe_qomd15lj_wpftmp.csproj]
D:\aps\aps\APS-CONTROLS\Views\LoaiTheView.xaml.cs(10,13): error CS0103: The name 'InitializeComponent' does not exist in the current context [D:\aps\aps\APS-CONTROLS\QuanLyGiuXe_qomd15lj_wpftmp.csproj]
D:\aps\aps\APS-CONTROLS\Views\KhungGioAddDialog.xaml.cs(25,13): error CS0103: The name 'InitializeComponent' does not exist in the current context [D:\aps\aps\APS-CONTROLS\QuanLyGiuXe_qomd15lj_wpftmp.csproj]
D:\aps\aps\APS-CONTROLS\Views\KhungGioAddDialog.xaml.cs(31,17): error CS0103: The name 'cbStartHour' does not exist in the current context [D:\aps\aps\APS-CONTROLS\QuanLyGiuXe_qomd15lj_wpftmp.csproj]
D:\aps\aps\APS-CONTROLS\Views\KhungGioAddDialog.xaml.cs(32,17): error CS0103: The name 'cbEndHour' does not exist in the current context [D:\aps\aps\APS-CONTROLS\QuanLyGiuXe_qomd15lj_wpftmp.csproj]
D:\aps\aps\APS-CONTROLS\Views\KhungGioAddDialog.xaml.cs(39,17): error CS0103: The name 'cbStartMin' does not exist in the current context [D:\aps\aps\APS-CONTROLS\QuanLyGiuXe_qomd15lj_wpftmp.csproj]
D:\aps\aps\APS-CONTROLS\Views\KhungGioAddDialog.xaml.cs(40,17): error CS0103: The name 'cbEndMin' does not exist in the current context [D:\aps\aps\APS-CONTROLS\QuanLyGiuXe_qomd15lj_wpftmp.csproj]
D:\aps\aps\APS-CONTROLS\Views\KhungGioAddDialog.xaml.cs(41,17): error CS0103: The name 'cbStartSec' does not exist in the current context [D:\aps\aps\APS-CONTROLS\QuanLyGiuXe_qomd15lj_wpftmp.csproj]
D:\aps\aps\APS-CONTROLS\Views\KhungGioAddDialog.xaml.cs(42,17): error CS0103: The name 'cbEndSec' does not exist in the current context [D:\aps\aps\APS-CONTROLS\QuanLyGiuXe_qomd15lj_wpftmp.csproj]
D:\aps\aps\APS-CONTROLS\Views\KhungGioAddDialog.xaml.cs(46,13): error CS0103: The name 'cbStartHour' does not exist in the current context [D:\aps\aps\APS-CONTROLS\QuanLyGiuXe_qomd15lj_wpftmp.csproj]
D:\aps\aps\APS-CONTROLS\Views\KhungGioAddDialog.xaml.cs(47,13): error CS0103: The name 'cbStartMin' does not exist in the current context [D:\aps\aps\APS-CONTROLS\QuanLyGiuXe_qomd15lj_wpftmp.csproj]
D:\aps\aps\APS-CONTROLS\Views\KhungGioAddDialog.xaml.cs(48,13): error CS0103: The name 'cbStartSec' does not exist in the current context [D:\aps\aps\APS-CONTROLS\QuanLyGiuXe_qomd15lj_wpftmp.csproj]
D:\aps\aps\APS-CONTROLS\Views\KhungGioAddDialog.xaml.cs(49,13): error CS0103: The name 'cbEndHour' does not exist in the current context [D:\aps\aps\APS-CONTROLS\QuanLyGiuXe_qomd15lj_wpftmp.csproj]
D:\aps\aps\APS-CONTROLS\Views\KhungGioAddDialog.xaml.cs(50,13): error CS0103: The name 'cbEndMin' does not exist in the current context [D:\aps\aps\APS-CONTROLS\QuanLyGiuXe_qomd15lj_wpftmp.csproj]
D:\aps\aps\APS-CONTROLS\Views\KhungGioAddDialog.xaml.cs(51,13): error CS0103: The name 'cbEndSec' does not exist in the current context [D:\aps\aps\APS-CONTROLS\QuanLyGiuXe_qomd15lj_wpftmp.csproj]
D:\aps\aps\APS-CONTROLS\Views\KhungGioAddDialog.xaml.cs(63,17): error CS0103: The name 'txtExisting' does not exist in the current context [D:\aps\aps\APS-CONTROLS\QuanLyGiuXe_qomd15lj_wpftmp.csproj]
D:\aps\aps\APS-CONTROLS\Views\GenericAddEditWindow.xaml.cs(43,13): error CS0103: The name 'FieldsPanel' does not exist in the current context [D:\aps\aps\APS-CONTROLS\QuanLyGiuXe_qomd15lj_wpftmp.csproj]
D:\aps\aps\APS-CONTROLS\Views\GenericAddEditWindow.xaml.cs(91,17): error CS0103: The name 'FieldsPanel' does not exist in the current context [D:\aps\aps\APS-CONTROLS\QuanLyGiuXe_qomd15lj_wpftmp.csproj]
D:\aps\aps\APS-CONTROLS\Views\C3200SettingsWindow.xaml.cs(289,37): error CS0103: The name 'IpBox' does not exist in the current context [D:\aps\aps\APS-CONTROLS\QuanLyGiuXe_qomd15lj_wpftmp.csproj]
D:\aps\aps\APS-CONTROLS\Views\C3200SettingsWindow.xaml.cs(290,48): error CS0103: The name 'PortBox' does not exist in the current context [D:\aps\aps\APS-CONTROLS\QuanLyGiuXe_qomd15lj_wpftmp.csproj]
D:\aps\aps\APS-CONTROLS\Views\C3200SettingsWindow.xaml.cs(291,36): error CS0103: The name 'PwdBox' does not exist in the current context [D:\aps\aps\APS-CONTROLS\QuanLyGiuXe_qomd15lj_wpftmp.csproj]
D:\aps\aps\APS-CONTROLS\Views\C3200SettingsWindow.xaml.cs(292,48): error CS0103: The name 'TimeoutBox' does not exist in the current context [D:\aps\aps\APS-CONTROLS\QuanLyGiuXe_qomd15lj_wpftmp.csproj]
D:\aps\aps\APS-CONTROLS\Views\C3200SettingsWindow.xaml.cs(293,56): error CS0103: The name 'BarrierBox' does not exist in the current context [D:\aps\aps\APS-CONTROLS\QuanLyGiuXe_qomd15lj_wpftmp.csproj]
D:\aps\aps\APS-CONTROLS\Views\C3200SettingsWindow.xaml.cs(294,55): error CS0103: The name 'CooldownBox' does not exist in the current context [D:\aps\aps\APS-CONTROLS\QuanLyGiuXe_qomd15lj_wpftmp.csproj]
D:\aps\aps\APS-CONTROLS\Views\C3200SettingsWindow.xaml.cs(296,38): error CS0103: The name 'ForceAllInRadio' does not exist in the current context [D:\aps\aps\APS-CONTROLS\QuanLyGiuXe_qomd15lj_wpftmp.csproj]
D:\aps\aps\APS-CONTROLS\Views\C3200SettingsWindow.xaml.cs(297,39): error CS0103: The name 'ForceAllOutRadio' does not exist in the current context [D:\aps\aps\APS-CONTROLS\QuanLyGiuXe_qomd15lj_wpftmp.csproj]
D:\aps\aps\APS-CONTROLS\Views\C3200SettingsWindow.xaml.cs(305,29): error CS0103: The name 'GateInCombo' does not exist in the current context [D:\aps\aps\APS-CONTROLS\QuanLyGiuXe_qomd15lj_wpftmp.csproj]
D:\aps\aps\APS-CONTROLS\Views\C3200SettingsWindow.xaml.cs(306,30): error CS0103: The name 'GateOutCombo' does not exist in the current context [D:\aps\aps\APS-CONTROLS\QuanLyGiuXe_qomd15lj_wpftmp.csproj]
D:\aps\aps\APS-CONTROLS\ViewModels\BangGiaManagementViewModel.cs(108,76): error CS0426: The type name 'KhungGioDef' does not exist in the type 'TimeSlotCalculator' [D:\aps\aps\APS-CONTROLS\QuanLyGiuXe_qomd15lj_wpftmp.csproj]
D:\aps\aps\APS-CONTROLS\ViewModels\BangGiaManagementViewModel.cs(117,75): error CS0426: The type name 'KhungPrice' does not exist in the type 'TimeSlotCalculator' [D:\aps\aps\APS-CONTROLS\QuanLyGiuXe_qomd15lj_wpftmp.csproj]
D:\aps\aps\APS-CONTROLS\ViewModels\BangGiaManagementViewModel.cs(121,47): error CS0117: 'TimeSlotCalculator' does not contain a definition for 'PriceUnit' [D:\aps\aps\APS-CONTROLS\QuanLyGiuXe_qomd15lj_wpftmp.csproj]
D:\aps\aps\APS-CONTROLS\Views\GenericAddEditWindow.xaml.cs(98,35): error CS0103: The name 'FieldsPanel' does not exist in the current context [D:\aps\aps\APS-CONTROLS\QuanLyGiuXe_qomd15lj_wpftmp.csproj]
D:\aps\aps\APS-CONTROLS\Views\KhungGioAddDialog.xaml.cs(75,36): error CS0103: The name 'btnSave' does not exist in the current context [D:\aps\aps\APS-CONTROLS\QuanLyGiuXe_qomd15lj_wpftmp.csproj]
D:\aps\aps\APS-CONTROLS\Views\KhungGioAddDialog.xaml.cs(77,13): error CS0103: The name 'txtError' does not exist in the current context [D:\aps\aps\APS-CONTROLS\QuanLyGiuXe_qomd15lj_wpftmp.csproj]
D:\aps\aps\APS-CONTROLS\Views\KhungGioAddDialog.xaml.cs(78,13): error CS0103: The name 'btnSave' does not exist in the current context [D:\aps\aps\APS-CONTROLS\QuanLyGiuXe_qomd15lj_wpftmp.csproj]
D:\aps\aps\APS-CONTROLS\Views\KhungGioAddDialog.xaml.cs(80,17): error CS0103: The name 'cbStartHour' does not exist in the current context [D:\aps\aps\APS-CONTROLS\QuanLyGiuXe_qomd15lj_wpftmp.csproj]
D:\aps\aps\APS-CONTROLS\Views\KhungGioAddDialog.xaml.cs(80,53): error CS0103: The name 'cbStartMin' does not exist in the current context [D:\aps\aps\APS-CONTROLS\QuanLyGiuXe_qomd15lj_wpftmp.csproj]
D:\aps\aps\APS-CONTROLS\Views\KhungGioAddDialog.xaml.cs(80,88): error CS0103: The name 'cbStartSec' does not exist in the current context [D:\aps\aps\APS-CONTROLS\QuanLyGiuXe_qomd15lj_wpftmp.csproj]
D:\aps\aps\APS-CONTROLS\Views\KhungGioAddDialog.xaml.cs(81,17): error CS0103: The name 'cbEndHour' does not exist in the current context [D:\aps\aps\APS-CONTROLS\QuanLyGiuXe_qomd15lj_wpftmp.csproj]
D:\aps\aps\APS-CONTROLS\Views\KhungGioAddDialog.xaml.cs(81,51): error CS0103: The name 'cbEndMin' does not exist in the current context [D:\aps\aps\APS-CONTROLS\QuanLyGiuXe_qomd15lj_wpftmp.csproj]
D:\aps\aps\APS-CONTROLS\Views\KhungGioAddDialog.xaml.cs(81,84): error CS0103: The name 'cbEndSec' does not exist in the current context [D:\aps\aps\APS-CONTROLS\QuanLyGiuXe_qomd15lj_wpftmp.csproj]
D:\aps\aps\APS-CONTROLS\Views\KhungGioAddDialog.xaml.cs(83,17): error CS0103: The name 'btnSave' does not exist in the current context [D:\aps\aps\APS-CONTROLS\QuanLyGiuXe_qomd15lj_wpftmp.csproj]
D:\aps\aps\APS-CONTROLS\Views\KhungGioAddDialog.xaml.cs(87,35): error CS0103: The name 'cbStartHour' does not exist in the current context [D:\aps\aps\APS-CONTROLS\QuanLyGiuXe_qomd15lj_wpftmp.csproj]
D:\aps\aps\APS-CONTROLS\Views\KhungGioAddDialog.xaml.cs(88,34): error CS0103: The name 'cbStartMin' does not exist in the current context [D:\aps\aps\APS-CONTROLS\QuanLyGiuXe_qomd15lj_wpftmp.csproj]
D:\aps\aps\APS-CONTROLS\Views\KhungGioAddDialog.xaml.cs(89,34): error CS0103: The name 'cbStartSec' does not exist in the current context [D:\aps\aps\APS-CONTROLS\QuanLyGiuXe_qomd15lj_wpftmp.csproj]
D:\aps\aps\APS-CONTROLS\Views\KhungGioAddDialog.xaml.cs(92,35): error CS0103: The name 'cbEndHour' does not exist in the current context [D:\aps\aps\APS-CONTROLS\QuanLyGiuXe_qomd15lj_wpftmp.csproj]
D:\aps\aps\APS-CONTROLS\Views\KhungGioAddDialog.xaml.cs(93,34): error CS0103: The name 'cbEndMin' does not exist in the current context [D:\aps\aps\APS-CONTROLS\QuanLyGiuXe_qomd15lj_wpftmp.csproj]
D:\aps\aps\APS-CONTROLS\Views\KhungGioAddDialog.xaml.cs(94,34): error CS0103: The name 'cbEndSec' does not exist in the current context [D:\aps\aps\APS-CONTROLS\QuanLyGiuXe_qomd15lj_wpftmp.csproj]
D:\aps\aps\APS-CONTROLS\Views\KhungGioAddDialog.xaml.cs(99,17): error CS0103: The name 'txtError' does not exist in the current context [D:\aps\aps\APS-CONTROLS\QuanLyGiuXe_qomd15lj_wpftmp.csproj]
D:\aps\aps\APS-CONTROLS\Views\KhungGioAddDialog.xaml.cs(100,17): error CS0103: The name 'btnSave' does not exist in the current context [D:\aps\aps\APS-CONTROLS\QuanLyGiuXe_qomd15lj_wpftmp.csproj]
D:\aps\aps\APS-CONTROLS\Views\KhungGioAddDialog.xaml.cs(106,17): error CS0103: The name 'txtError' does not exist in the current context [D:\aps\aps\APS-CONTROLS\QuanLyGiuXe_qomd15lj_wpftmp.csproj]
D:\aps\aps\APS-CONTROLS\Views\KhungGioAddDialog.xaml.cs(107,17): error CS0103: The name 'btnSave' does not exist in the current context [D:\aps\aps\APS-CONTROLS\QuanLyGiuXe_qomd15lj_wpftmp.csproj]
D:\aps\aps\APS-CONTROLS\Views\KhungGioAddDialog.xaml.cs(113,13): error CS0103: The name 'txtError' does not exist in the current context [D:\aps\aps\APS-CONTROLS\QuanLyGiuXe_qomd15lj_wpftmp.csproj]
D:\aps\aps\APS-CONTROLS\Views\KhungGioAddDialog.xaml.cs(115,43): error CS0103: The name 'txtTenKhung' does not exist in the current context [D:\aps\aps\APS-CONTROLS\QuanLyGiuXe_qomd15lj_wpftmp.csproj]
D:\aps\aps\APS-CONTROLS\Views\KhungGioAddDialog.xaml.cs(117,17): error CS0103: The name 'txtError' does not exist in the current context [D:\aps\aps\APS-CONTROLS\QuanLyGiuXe_qomd15lj_wpftmp.csproj]
D:\aps\aps\APS-CONTROLS\Views\KhungGioAddDialog.xaml.cs(121,35): error CS0103: The name 'cbStartHour' does not exist in the current context [D:\aps\aps\APS-CONTROLS\QuanLyGiuXe_qomd15lj_wpftmp.csproj]
D:\aps\aps\APS-CONTROLS\Views\KhungGioAddDialog.xaml.cs(122,34): error CS0103: The name 'cbStartMin' does not exist in the current context [D:\aps\aps\APS-CONTROLS\QuanLyGiuXe_qomd15lj_wpftmp.csproj]
D:\aps\aps\APS-CONTROLS\Views\KhungGioAddDialog.xaml.cs(123,34): error CS0103: The name 'cbStartSec' does not exist in the current context [D:\aps\aps\APS-CONTROLS\QuanLyGiuXe_qomd15lj_wpftmp.csproj]
D:\aps\aps\APS-CONTROLS\Views\KhungGioAddDialog.xaml.cs(126,35): error CS0103: The name 'cbEndHour' does not exist in the current context [D:\aps\aps\APS-CONTROLS\QuanLyGiuXe_qomd15lj_wpftmp.csproj]
D:\aps\aps\APS-CONTROLS\Views\KhungGioAddDialog.xaml.cs(127,34): error CS0103: The name 'cbEndMin' does not exist in the current context [D:\aps\aps\APS-CONTROLS\QuanLyGiuXe_qomd15lj_wpftmp.csproj]
D:\aps\aps\APS-CONTROLS\Views\KhungGioAddDialog.xaml.cs(128,34): error CS0103: The name 'cbEndSec' does not exist in the current context [D:\aps\aps\APS-CONTROLS\QuanLyGiuXe_qomd15lj_wpftmp.csproj]
D:\aps\aps\APS-CONTROLS\Views\KhungGioAddDialog.xaml.cs(131,27): error CS0103: The name 'txtTenKhung' does not exist in the current context [D:\aps\aps\APS-CONTROLS\QuanLyGiuXe_qomd15lj_wpftmp.csproj]
D:\aps\aps\APS-CONTROLS\Views\RFIDGiaHanDialog.xaml.cs(12,13): error CS0103: The name 'InitializeComponent' does not exist in the current context [D:\aps\aps\APS-CONTROLS\QuanLyGiuXe_qomd15lj_wpftmp.csproj]
D:\aps\aps\APS-CONTROLS\Views\RFIDGiaHanDialog.xaml.cs(14,13): error CS0103: The name 'txtMonths' does not exist in the current context [D:\aps\aps\APS-CONTROLS\QuanLyGiuXe_qomd15lj_wpftmp.csproj]
D:\aps\aps\APS-CONTROLS\Views\RFIDGiaHanDialog.xaml.cs(15,13): error CS0103: The name 'txtMonths' does not exist in the current context [D:\aps\aps\APS-CONTROLS\QuanLyGiuXe_qomd15lj_wpftmp.csproj]
D:\aps\aps\APS-CONTROLS\Views\RFIDGiaHanDialog.xaml.cs(20,30): error CS0103: The name 'txtMonths' does not exist in the current context [D:\aps\aps\APS-CONTROLS\QuanLyGiuXe_qomd15lj_wpftmp.csproj]
D:\aps\aps\APS-CONTROLS\Views\RFIDGiaHanDialog.xaml.cs(28,17): error CS0103: The name 'txtError' does not exist in the current context [D:\aps\aps\APS-CONTROLS\QuanLyGiuXe_qomd15lj_wpftmp.csproj]
D:\aps\aps\APS-CONTROLS\Views\QuanLyTheWindow.xaml.cs(16,13): error CS0103: The name 'InitializeComponent' does not exist in the current context [D:\aps\aps\APS-CONTROLS\QuanLyGiuXe_qomd15lj_wpftmp.csproj]
D:\aps\aps\APS-CONTROLS\Views\ToastWindow.xaml.cs(23,13): error CS0103: The name 'InitializeComponent' does not exist in the current context [D:\aps\aps\APS-CONTROLS\QuanLyGiuXe_qomd15lj_wpftmp.csproj]
D:\aps\aps\APS-CONTROLS\Views\ToastWindow.xaml.cs(44,13): error CS0103: The name 'ToastMessage' does not exist in the current context [D:\aps\aps\APS-CONTROLS\QuanLyGiuXe_qomd15lj_wpftmp.csproj]
D:\aps\aps\APS-CONTROLS\Views\ToastWindow.xaml.cs(49,21): error CS0103: The name 'ToastBackground' does not exist in the current context [D:\aps\aps\APS-CONTROLS\QuanLyGiuXe_qomd15lj_wpftmp.csproj]
D:\aps\aps\APS-CONTROLS\Views\ToastWindow.xaml.cs(50,21): error CS0103: The name 'ToastIcon' does not exist in the current context [D:\aps\aps\APS-CONTROLS\QuanLyGiuXe_qomd15lj_wpftmp.csproj]
D:\aps\aps\APS-CONTROLS\Views\ToastWindow.xaml.cs(54,21): error CS0103: The name 'ToastBackground' does not exist in the current context [D:\aps\aps\APS-CONTROLS\QuanLyGiuXe_qomd15lj_wpftmp.csproj]
D:\aps\aps\APS-CONTROLS\Views\ToastWindow.xaml.cs(55,21): error CS0103: The name 'ToastIcon' does not exist in the current context [D:\aps\aps\APS-CONTROLS\QuanLyGiuXe_qomd15lj_wpftmp.csproj]
D:\aps\aps\APS-CONTROLS\Views\ToastWindow.xaml.cs(59,21): error CS0103: The name 'ToastBackground' does not exist in the current context [D:\aps\aps\APS-CONTROLS\QuanLyGiuXe_qomd15lj_wpftmp.csproj]
D:\aps\aps\APS-CONTROLS\Views\ToastWindow.xaml.cs(60,21): error CS0103: The name 'ToastIcon' does not exist in the current context [D:\aps\aps\APS-CONTROLS\QuanLyGiuXe_qomd15lj_wpftmp.csproj]
D:\aps\aps\APS-CONTROLS\Views\UserAddEditWindow.xaml.cs(16,13): error CS0103: The name 'InitializeComponent' does not exist in the current context [D:\aps\aps\APS-CONTROLS\QuanLyGiuXe_qomd15lj_wpftmp.csproj]
D:\aps\aps\APS-CONTROLS\Views\UserAddEditWindow.xaml.cs(19,13): error CS0103: The name 'TxtTitle' does not exist in the current context [D:\aps\aps\APS-CONTROLS\QuanLyGiuXe_qomd15lj_wpftmp.csproj]
D:\aps\aps\APS-CONTROLS\Views\UserAddEditWindow.xaml.cs(20,13): error CS0103: The name 'PanelPassword' does not exist in the current context [D:\aps\aps\APS-CONTROLS\QuanLyGiuXe_qomd15lj_wpftmp.csproj]
D:\aps\aps\APS-CONTROLS\Views\UserAddEditWindow.xaml.cs(24,17): error CS0103: The name 'TxtUsername' does not exist in the current context [D:\aps\aps\APS-CONTROLS\QuanLyGiuXe_qomd15lj_wpftmp.csproj]
D:\aps\aps\APS-CONTROLS\Views\UserAddEditWindow.xaml.cs(25,17): error CS0103: The name 'TxtUsername' does not exist in the current context [D:\aps\aps\APS-CONTROLS\QuanLyGiuXe_qomd15lj_wpftmp.csproj]
D:\aps\aps\APS-CONTROLS\Views\UserAddEditWindow.xaml.cs(28,13): error CS0103: The name 'CboRole' does not exist in the current context [D:\aps\aps\APS-CONTROLS\QuanLyGiuXe_qomd15lj_wpftmp.csproj]
D:\aps\aps\APS-CONTROLS\Views\UserAddEditWindow.xaml.cs(29,13): error CS0103: The name 'CboStatus' does not exist in the current context [D:\aps\aps\APS-CONTROLS\QuanLyGiuXe_qomd15lj_wpftmp.csproj]
D:\aps\aps\APS-CONTROLS\Views\UserAddEditWindow.xaml.cs(30,13): error CS0103: The name 'CboStatus' does not exist in the current context [D:\aps\aps\APS-CONTROLS\QuanLyGiuXe_qomd15lj_wpftmp.csproj]
D:\aps\aps\APS-CONTROLS\Views\UserAddEditWindow.xaml.cs(34,17): error CS0103: The name 'TxtTen' does not exist in the current context [D:\aps\aps\APS-CONTROLS\QuanLyGiuXe_qomd15lj_wpftmp.csproj]
D:\aps\aps\APS-CONTROLS\Views\UserAddEditWindow.xaml.cs(35,17): error CS0103: The name 'TxtUsername' does not exist in the current context [D:\aps\aps\APS-CONTROLS\QuanLyGiuXe_qomd15lj_wpftmp.csproj]
D:\aps\aps\APS-CONTROLS\Views\UserAddEditWindow.xaml.cs(36,17): error CS0103: The name 'CboRole' does not exist in the current context [D:\aps\aps\APS-CONTROLS\QuanLyGiuXe_qomd15lj_wpftmp.csproj]
D:\aps\aps\APS-CONTROLS\Views\UserAddEditWindow.xaml.cs(37,17): error CS0103: The name 'CboStatus' does not exist in the current context [D:\aps\aps\APS-CONTROLS\QuanLyGiuXe_qomd15lj_wpftmp.csproj]
D:\aps\aps\APS-CONTROLS\Views\ToastWindow.xaml.cs(86,13): error CS0103: The name 'CountdownScale' does not exist in the current context [D:\aps\aps\APS-CONTROLS\QuanLyGiuXe_qomd15lj_wpftmp.csproj]
D:\aps\aps\APS-CONTROLS\Views\UserAddEditWindow.xaml.cs(48,43): error CS0103: The name 'TxtTen' does not exist in the current context [D:\aps\aps\APS-CONTROLS\QuanLyGiuXe_qomd15lj_wpftmp.csproj]
D:\aps\aps\APS-CONTROLS\Views\UserAddEditWindow.xaml.cs(49,43): error CS0103: The name 'TxtUsername' does not exist in the current context [D:\aps\aps\APS-CONTROLS\QuanLyGiuXe_qomd15lj_wpftmp.csproj]
D:\aps\aps\APS-CONTROLS\Views\UserAddEditWindow.xaml.cs(50,17): error CS0103: The name 'CboRole' does not exist in the current context [D:\aps\aps\APS-CONTROLS\QuanLyGiuXe_qomd15lj_wpftmp.csproj]
D:\aps\aps\APS-CONTROLS\Views\UserAddEditWindow.xaml.cs(51,17): error CS0103: The name 'CboStatus' does not exist in the current context [D:\aps\aps\APS-CONTROLS\QuanLyGiuXe_qomd15lj_wpftmp.csproj]
D:\aps\aps\APS-CONTROLS\Views\UserAddEditWindow.xaml.cs(57,30): error CS0103: The name 'TxtPassword' does not exist in the current context [D:\aps\aps\APS-CONTROLS\QuanLyGiuXe_qomd15lj_wpftmp.csproj]
D:\aps\aps\APS-CONTROLS\Views\UserAddEditWindow.xaml.cs(65,23): error CS0103: The name 'TxtTen' does not exist in the current context [D:\aps\aps\APS-CONTROLS\QuanLyGiuXe_qomd15lj_wpftmp.csproj]
D:\aps\aps\APS-CONTROLS\Views\UserAddEditWindow.xaml.cs(66,28): error CS0103: The name 'TxtUsername' does not exist in the current context [D:\aps\aps\APS-CONTROLS\QuanLyGiuXe_qomd15lj_wpftmp.csproj]
D:\aps\aps\APS-CONTROLS\Views\UserAddEditWindow.xaml.cs(67,40): error CS0103: The name 'TxtPassword' does not exist in the current context [D:\aps\aps\APS-CONTROLS\QuanLyGiuXe_qomd15lj_wpftmp.csproj]
D:\aps\aps\APS-CONTROLS\Views\UserAddEditWindow.xaml.cs(68,42): error CS0103: The name 'CboRole' does not exist in the current context [D:\aps\aps\APS-CONTROLS\QuanLyGiuXe_qomd15lj_wpftmp.csproj]
D:\aps\aps\APS-CONTROLS\Views\UserAddEditWindow.xaml.cs(69,29): error CS0103: The name 'CboStatus' does not exist in the current context [D:\aps\aps\APS-CONTROLS\QuanLyGiuXe_qomd15lj_wpftmp.csproj]

Build FAILED.
    880 Warning(s)
    157 Error(s)

Time Elapsed 00:00:05.55
